******************************************************************************
             TMS320C2000 Linker PC v5.2.4                      
******************************************************************************
>> Linked Mon Aug 29 19:22:40 2011

OUTPUT FILE NAME:   <./Debug/Seoho_PMSM.out>
ENTRY POINT SYMBOL: "code_start"  address: 0033fff6


MEMORY CONFIGURATION

         name            origin    length      used     unused   attr    fill
----------------------  --------  ---------  --------  --------  ----  --------
PAGE 0:
  ZONE0                 00004000   00001000  00000800  00000800  RWIX
  RAML0                 00008000   00002000  00001465  00000b9b  RWIX
  RAML2                 0000a000   00001000  00000000  00001000  RWIX
  RAML3                 0000b000   00001000  00000000  00001000  RWIX
  ZONE7A                00200000   0000fc00  00000000  0000fc00  RWIX
  FLASHH                00300000   00008000  00000000  00008000  RWIX
  FLASHG                00308000   00008000  00000000  00008000  RWIX
  FLASHF                00310000   00008000  00000000  00008000  RWIX
  FLASHE                00318000   00008000  00000000  00008000  RWIX
  FLASHD                00320000   00008000  000054c8  00002b38  RWIX
  FLASHC                00328000   00008000  00000000  00008000  RWIX
  FLASHA                00338000   00007f80  0000071a  00007866  RWIX
  CSM_RSVD              0033ff80   00000076  00000076  00000000  RWIX
  BEGIN                 0033fff6   00000002  00000002  00000000  RWIX
  CSM_PWL               0033fff8   00000008  00000008  00000000  RWIX
  ADC_CAL               00380080   00000009  00000007  00000002  RWIX
  OTP                   00380400   00000400  00000000  00000400  RWIX
  IQTABLES              003fe000   00000b50  00000000  00000b50  RWIX
  IQTABLES2             003feb50   0000008c  00000000  0000008c  RWIX
  FPUTABLES             003febdc   000006a0  00000000  000006a0  RWIX
  ROM                   003ff27c   00000d44  00000000  00000d44  RWIX
  RESET                 003fffc0   00000002  00000000  00000002  RWIX
  VECTORS               003fffc2   0000003e  00000000  0000003e  RWIX

PAGE 1:
  BOOT_RSVD             00000000   00000050  00000000  00000050  RWIX
  RAMM0                 00000050   000003b0  00000000  000003b0  RWIX
  RAMM1                 00000400   00000400  00000200  00000200  RWIX
  DEV_EMU               00000880   00000180  000000d0  000000b0  RWIX
  FLASH_REGS            00000a80   00000060  00000008  00000058  RWIX
  CSM                   00000ae0   00000010  00000010  00000000  RWIX
  ADC_MIRROR            00000b00   00000010  00000010  00000000  RWIX
  XINTF                 00000b20   00000020  0000001e  00000002  RWIX
  CPU_TIMER0            00000c00   00000008  00000008  00000000  RWIX
  CPU_TIMER1            00000c08   00000008  00000008  00000000  RWIX
  CPU_TIMER2            00000c10   00000008  00000008  00000000  RWIX
  PIE_CTRL              00000ce0   00000020  0000001a  00000006  RWIX
  PIE_VECT              00000d00   00000100  00000100  00000000  RWIX
  DMA                   00001000   00000200  000000e0  00000120  RWIX
  MCBSPA                00005000   00000040  00000025  0000001b  RWIX
  MCBSPB                00005040   00000040  00000025  0000001b  RWIX
  ECANA                 00006000   00000040  00000034  0000000c  RWIX
  ECANA_LAM             00006040   00000040  00000040  00000000  RWIX
  ECANA_MOTS            00006080   00000040  00000040  00000000  RWIX
  ECANA_MOTO            000060c0   00000040  00000040  00000000  RWIX
  ECANA_MBOX            00006100   00000100  00000100  00000000  RWIX
  ECANB                 00006200   00000040  00000034  0000000c  RWIX
  ECANB_LAM             00006240   00000040  00000040  00000000  RWIX
  ECANB_MOTS            00006280   00000040  00000040  00000000  RWIX
  ECANB_MOTO            000062c0   00000040  00000040  00000000  RWIX
  ECANB_MBOX            00006300   00000100  00000100  00000000  RWIX
  EPWM1                 00006800   00000022  00000022  00000000  RWIX
  EPWM2                 00006840   00000022  00000022  00000000  RWIX
  EPWM3                 00006880   00000022  00000022  00000000  RWIX
  EPWM4                 000068c0   00000022  00000022  00000000  RWIX
  EPWM5                 00006900   00000022  00000022  00000000  RWIX
  EPWM6                 00006940   00000022  00000022  00000000  RWIX
  ECAP1                 00006a00   00000020  00000020  00000000  RWIX
  ECAP2                 00006a20   00000020  00000020  00000000  RWIX
  ECAP3                 00006a40   00000020  00000020  00000000  RWIX
  ECAP4                 00006a60   00000020  00000020  00000000  RWIX
  ECAP5                 00006a80   00000020  00000020  00000000  RWIX
  ECAP6                 00006aa0   00000020  00000020  00000000  RWIX
  EQEP1                 00006b00   00000040  00000040  00000000  RWIX
  EQEP2                 00006b40   00000040  00000040  00000000  RWIX
  GPIOCTRL              00006f80   00000040  0000002e  00000012  RWIX
  GPIODAT               00006fc0   00000020  00000020  00000000  RWIX
  GPIOINT               00006fe0   00000020  0000000a  00000016  RWIX
  SYSTEM                00007010   00000020  00000020  00000000  RWIX
  SPIA                  00007040   00000010  00000010  00000000  RWIX
  SCIA                  00007050   00000010  00000010  00000000  RWIX
  XINTRUPT              00007070   00000010  00000010  00000000  RWIX
  ADC                   00007100   00000020  0000001e  00000002  RWIX
  SCIB                  00007750   00000010  00000010  00000000  RWIX
  SCIC                  00007770   00000010  00000010  00000000  RWIX
  I2CA                  00007900   00000040  00000022  0000001e  RWIX
  RAML4                 0000c000   00004000  00002d73  0000128d  RWIX
  ZONE7B                0020fc00   00000400  00000000  00000400  RWIX
  FLASHB                00330000   00008000  00000000  00008000  RWIX
  CSM_PWL               0033fff8   00000008  00000008  00000000  RWIX
  PARTID                00380090   00000001  00000001  00000000  RWIX


SECTION ALLOCATION MAP

 output                                  attributes/
section   page    origin      length       input sections
--------  ----  ----------  ----------   ----------------
.pinit     0    00328000    00000000     UNINITIALIZED

ZONE0DATA 
*          0    00004000    00000800     UNINITIALIZED
                  00004000    00000800     13_GlobalDef.obj (ZONE0DATA)

ramfuncs   0    00320000    00001465     RUN ADDR = 00008000
                  00320000    00000c53     07_current_controller.obj (ramfuncs)
                  00320c53    000003b7     12_SCI_BC.obj (ramfuncs)
                  0032100a    00000252     05_Fault.obj (ramfuncs)
                  0032125c    000000d0     06_speed_controller.obj (ramfuncs)
                  0032132c    000000b5     15_debug_2833x.obj (ramfuncs)
                  003213e1    00000065     09_PWM.obj (ramfuncs)
                  00321446    0000001b     DSP2833x_SysCtrl.obj (ramfuncs)
                  00321461    00000004     DSP2833x_usDelay.obj (ramfuncs)

.text      0    00321466    00004063     
                  00321466    000011f7     03_Communication.obj (.text)
                  0032265d    000007b6     08_system.obj (.text)
                  00322e13    0000049e     15_debug_2833x.obj (.text)
                  003232b1    00000402     00_Main.obj (.text)
                  003236b3    000003f5     DSP2833x_DMA.obj (.text)
                  00323aa8    00000328     02_digital_inout.obj (.text)
                  00323dd0    00000316     DSP2833x_DefaultIsr.obj (.text)
                  003240e6    0000028c     09_PWM.obj (.text)
                  00324372    00000250     14_seoho_gpio_set.obj (.text)
                  003245c2    00000231     01_analog_inout.obj (.text)
                  003247f3    0000019a     04_DAC.obj (.text)
                  0032498d    00000170     12_SCI_BC.obj (.text)
                  00324afd    0000013b     05_Fault.obj (.text)
                  00324c38    00000130     DSP2833x_ECan.obj (.text)
                  00324d68    000000f5     DSP2833x_SysCtrl.obj (.text)
                  00324e5d    000000e5     10_I2C_RTC.obj (.text)
                  00324f42    000000cf     11_I2C_eeprom.obj (.text)
                  00325011    000000aa     DSP2833x_Xintf.obj (.text)
                  003250bb    0000008e     07_current_controller.obj (.text)
                  00325149    00000088     rts2800_fpu32.lib : fs_div.obj (.text)
                  003251d1    0000007a     DSP2833x_CpuTimers.obj (.text)
                  0032524b    00000061     rts2800_fpu32.lib : log.obj (.text)
                  003252ac    0000005e                       : cos.obj (.text)
                  0032530a    0000005c                       : sin.obj (.text)
                  00325366    00000046                       : boot.obj (.text)
                  003253ac    00000028     DSP2833x_PieCtrl.obj (.text)
                  003253d4    00000022     rts2800_fpu32.lib : i_div.obj (.text)
                  003253f6    00000020     DSP2833x_PieVect.obj (.text)
                  00325416    00000020     rts2800_fpu32.lib : sqrt.obj (.text)
                  00325436    0000001b                       : args_main.obj (.text)
                  00325451    00000019                       : exit.obj (.text)
                  0032546a    00000017     DSP2833x_I2C.obj (.text)
                  00325481    00000017     DSP2833x_MemCopy.obj (.text)
                  00325498    00000016     rts2800_fpu32.lib : frexp.obj (.text)
                  003254ae    00000009                       : _lock.obj (.text)
                  003254b7    00000008     DSP2833x_CodeStartBranch.obj (.text)
                  003254bf    00000007     DSP2833x_DisInt.obj (.text)
                  003254c6    00000003     DSP2833x_DBGIER.obj (.text)

.econst    0    00338000    0000031c     
                  00338000    00000100     DSP2833x_PieVect.obj (.econst)
                  00338100    00000100     12_SCI_BC.obj (.econst:_aucCRCHi)
                  00338200    00000100     12_SCI_BC.obj (.econst:_aucCRCLo)
                  00338300    00000011     12_SCI_BC.obj (.econst:.string)
                  00338311    00000001     --HOLE-- [fill = 0]
                  00338312    0000000a     15_debug_2833x.obj (.econst:.string)

.switch    0    0033831c    00000240     
                  0033831c    000001c4     03_Communication.obj (.switch)
                  003384e0    00000040     08_system.obj (.switch)
                  00338520    0000003c     02_digital_inout.obj (.switch)

.cinit     0    0033855c    000001be     
                  0033855c    000000bf     13_GlobalDef.obj (.cinit)
                  0033861b    00000084     12_SCI_BC.obj (.cinit)
                  0033869f    0000002a     15_debug_2833x.obj (.cinit)
                  003386c9    0000001c     05_Fault.obj (.cinit)
                  003386e5    0000000e     00_Main.obj (.cinit)
                  003386f3    0000000a     rts2800_fpu32.lib : _lock.obj (.cinit)
                  003386fd    0000000a                       : exit.obj (.cinit)
                  00338707    00000005     01_analog_inout.obj (.cinit)
                  0033870c    00000004     02_digital_inout.obj (.cinit)
                  00338710    00000004     08_system.obj (.cinit)
                  00338714    00000004     rts2800_fpu32.lib : errno.obj (.cinit)
                  00338718    00000002     --HOLE-- [fill = 0]

csm_rsvd   0    0033ff80    00000076     
                  0033ff80    00000076     DSP2833x_CSMPasswords.obj (csm_rsvd)

codestart 
*          0    0033fff6    00000002     
                  0033fff6    00000002     DSP2833x_CodeStartBranch.obj (codestart)

csmpasswds 
*          0    0033fff8    00000008     
                  0033fff8    00000008     DSP2833x_CSMPasswords.obj (csmpasswds)

.adc_cal   0    00380080    00000007     NOLOAD SECTION
                  00380080    00000007     DSP2833x_ADC_cal.obj (.adc_cal)

.reset     0    003fffc0    00000002     DSECT
                  003fffc0    00000002     rts2800_fpu32.lib : boot.obj (.reset)

vectors    0    003fffc2    00000000     DSECT

.stack     1    00000400    00000200     UNINITIALIZED
                  00000400    00000200     --HOLE--

DevEmuRegsFile 
*          1    00000880    000000d0     UNINITIALIZED
                  00000880    000000d0     DSP2833x_GlobalVariableDefs.obj (DevEmuRegsFile)

FlashRegsFile 
*          1    00000a80    00000008     UNINITIALIZED
                  00000a80    00000008     DSP2833x_GlobalVariableDefs.obj (FlashRegsFile)

CsmRegsFile 
*          1    00000ae0    00000010     UNINITIALIZED
                  00000ae0    00000010     DSP2833x_GlobalVariableDefs.obj (CsmRegsFile)

AdcMirrorFile 
*          1    00000b00    00000010     UNINITIALIZED
                  00000b00    00000010     DSP2833x_GlobalVariableDefs.obj (AdcMirrorFile)

XintfRegsFile 
*          1    00000b20    0000001e     UNINITIALIZED
                  00000b20    0000001e     DSP2833x_GlobalVariableDefs.obj (XintfRegsFile)

CpuTimer0RegsFile 
*          1    00000c00    00000008     UNINITIALIZED
                  00000c00    00000008     DSP2833x_GlobalVariableDefs.obj (CpuTimer0RegsFile)

CpuTimer1RegsFile 
*          1    00000c08    00000008     UNINITIALIZED
                  00000c08    00000008     DSP2833x_GlobalVariableDefs.obj (CpuTimer1RegsFile)

CpuTimer2RegsFile 
*          1    00000c10    00000008     UNINITIALIZED
                  00000c10    00000008     DSP2833x_GlobalVariableDefs.obj (CpuTimer2RegsFile)

PieCtrlRegsFile 
*          1    00000ce0    0000001a     UNINITIALIZED
                  00000ce0    0000001a     DSP2833x_GlobalVariableDefs.obj (PieCtrlRegsFile)

PieVectTableFile 
*          1    00000d00    00000100     UNINITIALIZED
                  00000d00    00000100     DSP2833x_GlobalVariableDefs.obj (PieVectTableFile)

DmaRegsFile 
*          1    00001000    000000e0     UNINITIALIZED
                  00001000    000000e0     DSP2833x_GlobalVariableDefs.obj (DmaRegsFile)

McbspaRegsFile 
*          1    00005000    00000025     UNINITIALIZED
                  00005000    00000025     DSP2833x_GlobalVariableDefs.obj (McbspaRegsFile)

McbspbRegsFile 
*          1    00005040    00000025     UNINITIALIZED
                  00005040    00000025     DSP2833x_GlobalVariableDefs.obj (McbspbRegsFile)

ECanaRegsFile 
*          1    00006000    00000034     UNINITIALIZED
                  00006000    00000034     DSP2833x_GlobalVariableDefs.obj (ECanaRegsFile)

ECanaLAMRegsFile 
*          1    00006040    00000040     UNINITIALIZED
                  00006040    00000040     DSP2833x_GlobalVariableDefs.obj (ECanaLAMRegsFile)

ECanaMOTSRegsFile 
*          1    00006080    00000040     UNINITIALIZED
                  00006080    00000040     DSP2833x_GlobalVariableDefs.obj (ECanaMOTSRegsFile)

ECanaMOTORegsFile 
*          1    000060c0    00000040     UNINITIALIZED
                  000060c0    00000040     DSP2833x_GlobalVariableDefs.obj (ECanaMOTORegsFile)

ECanaMboxesFile 
*          1    00006100    00000100     UNINITIALIZED
                  00006100    00000100     DSP2833x_GlobalVariableDefs.obj (ECanaMboxesFile)

ECanbRegsFile 
*          1    00006200    00000034     UNINITIALIZED
                  00006200    00000034     DSP2833x_GlobalVariableDefs.obj (ECanbRegsFile)

ECanbLAMRegsFile 
*          1    00006240    00000040     UNINITIALIZED
                  00006240    00000040     DSP2833x_GlobalVariableDefs.obj (ECanbLAMRegsFile)

ECanbMOTSRegsFile 
*          1    00006280    00000040     UNINITIALIZED
                  00006280    00000040     DSP2833x_GlobalVariableDefs.obj (ECanbMOTSRegsFile)

ECanbMOTORegsFile 
*          1    000062c0    00000040     UNINITIALIZED
                  000062c0    00000040     DSP2833x_GlobalVariableDefs.obj (ECanbMOTORegsFile)

ECanbMboxesFile 
*          1    00006300    00000100     UNINITIALIZED
                  00006300    00000100     DSP2833x_GlobalVariableDefs.obj (ECanbMboxesFile)

EPwm1RegsFile 
*          1    00006800    00000022     UNINITIALIZED
                  00006800    00000022     DSP2833x_GlobalVariableDefs.obj (EPwm1RegsFile)

EPwm2RegsFile 
*          1    00006840    00000022     UNINITIALIZED
                  00006840    00000022     DSP2833x_GlobalVariableDefs.obj (EPwm2RegsFile)

EPwm3RegsFile 
*          1    00006880    00000022     UNINITIALIZED
                  00006880    00000022     DSP2833x_GlobalVariableDefs.obj (EPwm3RegsFile)

EPwm4RegsFile 
*          1    000068c0    00000022     UNINITIALIZED
                  000068c0    00000022     DSP2833x_GlobalVariableDefs.obj (EPwm4RegsFile)

EPwm5RegsFile 
*          1    00006900    00000022     UNINITIALIZED
                  00006900    00000022     DSP2833x_GlobalVariableDefs.obj (EPwm5RegsFile)

EPwm6RegsFile 
*          1    00006940    00000022     UNINITIALIZED
                  00006940    00000022     DSP2833x_GlobalVariableDefs.obj (EPwm6RegsFile)

ECap1RegsFile 
*          1    00006a00    00000020     UNINITIALIZED
                  00006a00    00000020     DSP2833x_GlobalVariableDefs.obj (ECap1RegsFile)

ECap2RegsFile 
*          1    00006a20    00000020     UNINITIALIZED
                  00006a20    00000020     DSP2833x_GlobalVariableDefs.obj (ECap2RegsFile)

ECap3RegsFile 
*          1    00006a40    00000020     UNINITIALIZED
                  00006a40    00000020     DSP2833x_GlobalVariableDefs.obj (ECap3RegsFile)

ECap4RegsFile 
*          1    00006a60    00000020     UNINITIALIZED
                  00006a60    00000020     DSP2833x_GlobalVariableDefs.obj (ECap4RegsFile)

ECap5RegsFile 
*          1    00006a80    00000020     UNINITIALIZED
                  00006a80    00000020     DSP2833x_GlobalVariableDefs.obj (ECap5RegsFile)

ECap6RegsFile 
*          1    00006aa0    00000020     UNINITIALIZED
                  00006aa0    00000020     DSP2833x_GlobalVariableDefs.obj (ECap6RegsFile)

EQep1RegsFile 
*          1    00006b00    00000040     UNINITIALIZED
                  00006b00    00000040     DSP2833x_GlobalVariableDefs.obj (EQep1RegsFile)

EQep2RegsFile 
*          1    00006b40    00000040     UNINITIALIZED
                  00006b40    00000040     DSP2833x_GlobalVariableDefs.obj (EQep2RegsFile)

GpioCtrlRegsFile 
*          1    00006f80    0000002e     UNINITIALIZED
                  00006f80    0000002e     DSP2833x_GlobalVariableDefs.obj (GpioCtrlRegsFile)

GpioDataRegsFile 
*          1    00006fc0    00000020     UNINITIALIZED
                  00006fc0    00000020     DSP2833x_GlobalVariableDefs.obj (GpioDataRegsFile)

GpioIntRegsFile 
*          1    00006fe0    0000000a     UNINITIALIZED
                  00006fe0    0000000a     DSP2833x_GlobalVariableDefs.obj (GpioIntRegsFile)

SysCtrlRegsFile 
*          1    00007010    00000020     UNINITIALIZED
                  00007010    00000020     DSP2833x_GlobalVariableDefs.obj (SysCtrlRegsFile)

SpiaRegsFile 
*          1    00007040    00000010     UNINITIALIZED
                  00007040    00000010     DSP2833x_GlobalVariableDefs.obj (SpiaRegsFile)

SciaRegsFile 
*          1    00007050    00000010     UNINITIALIZED
                  00007050    00000010     DSP2833x_GlobalVariableDefs.obj (SciaRegsFile)

XIntruptRegsFile 
*          1    00007070    00000010     UNINITIALIZED
                  00007070    00000010     DSP2833x_GlobalVariableDefs.obj (XIntruptRegsFile)

AdcRegsFile 
*          1    00007100    0000001e     UNINITIALIZED
                  00007100    0000001e     DSP2833x_GlobalVariableDefs.obj (AdcRegsFile)

ScibRegsFile 
*          1    00007750    00000010     UNINITIALIZED
                  00007750    00000010     DSP2833x_GlobalVariableDefs.obj (ScibRegsFile)

ScicRegsFile 
*          1    00007770    00000010     UNINITIALIZED
                  00007770    00000010     DSP2833x_GlobalVariableDefs.obj (ScicRegsFile)

I2caRegsFile 
*          1    00007900    00000022     UNINITIALIZED
                  00007900    00000022     DSP2833x_GlobalVariableDefs.obj (I2caRegsFile)

.ebss      1    0000c000    00002d73     UNINITIALIZED
                  0000c000    00002988     12_SCI_BC.obj (.ebss)
                  0000e988    00000018     DSP2833x_CpuTimers.obj (.ebss)
                  0000e9a0    00000008     05_Fault.obj (.ebss)
                  0000e9a8    00000006     00_Main.obj (.ebss)
                  0000e9ae    00000004     rts2800_fpu32.lib : _lock.obj (.ebss)
                  0000e9b2    00000004                       : exit.obj (.ebss)
                  0000e9b6    00000002     01_analog_inout.obj (.ebss)
                  0000e9b8    00000002     02_digital_inout.obj (.ebss)
                  0000e9ba    00000001     04_DAC.obj (.ebss)
                  0000e9bb    00000001     08_system.obj (.ebss)
                  0000e9bc    00000001     rts2800_fpu32.lib : errno.obj (.ebss)
                  0000e9bd    00000003     --HOLE--
                  0000e9c0    00000307     13_GlobalDef.obj (.ebss)
                  0000ecc7    00000039     --HOLE--
                  0000ed00    00000073     15_debug_2833x.obj (.ebss)

CsmPwlFile 
*          1    0033fff8    00000008     UNINITIALIZED
                  0033fff8    00000008     DSP2833x_GlobalVariableDefs.obj (CsmPwlFile)

PartIdRegsFile 
*          1    00380090    00000001     UNINITIALIZED
                  00380090    00000001     DSP2833x_GlobalVariableDefs.obj (PartIdRegsFile)


GLOBAL SYMBOLS: SORTED ALPHABETICALLY BY Name 

address    name
--------   ----
00321466   .text
00325451   C$$EXIT
00325149   FS$$DIV
003253d4   I$$DIV
003253e5   I$$MOD
0000eb21   _AC_DC_TYPE
00323eb6   _ADCINT_ISR
00380080   _ADC_cal
0000e9fa   _AICMD
0000e9f8   _AINI1
0000ea00   _AINI2
0000ea02   _AINV1
0000ea04   _AINV2
00000b00   _AdcMirror
00007100   _AdcRegs
0000e9d4   _Adc_Temperature
003245c2   _Analog_Output_Monitoring
0000e9e0   _Anaolg_Output_mA_x1
0000cec0   _CAN_Registers
0000c005   _CRC
00008c53   _CRC16
0000c022   _CRC_check_counter
00324e5d   _Change_I2C_RTC
000091eb   _CheckFaultDriver
00009241   _CheckFaultZC
00009053   _CheckOverCurrent
000091be   _CheckOverHeat
00009167   _CheckOverVolt
00009214   _CheckSpeedDetection
00009191   _CheckUnderVolt
0000c001   _Communication_Fault_Cnt
0000c007   _Communication_Fault_Flag
00325210   _ConfigCpuTimer
0000e9e3   _Count0mA
0000e9dd   _Count20mA
0000e9e2   _Count4mA
0000e998   _CpuTimer0
00000c00   _CpuTimer0Regs
0000e988   _CpuTimer1
00000c08   _CpuTimer1Regs
0000e990   _CpuTimer2
00000c10   _CpuTimer2Regs
0033fff8   _CsmPwl
00000ae0   _CsmRegs
00324e2c   _CsmUnlock
0000ea58   _Current_Slop_ACC
0000ea5a   _Current_Slop_Build_Up
00323de4   _DATALOG_ISR
0000e9d6   _DC_Build_Up_delay_cnt
00323fd8   _DINTCH1_ISR
00323fe2   _DINTCH2_ISR
00323fec   _DINTCH3_ISR
00323ff6   _DINTCH4_ISR
00324000   _DINTCH5_ISR
0032400a   _DINTCH6_ISR
0000e9f1   _DI_STATUS
003236be   _DMACH1AddrConfig
003236d0   _DMACH1BurstConfig
00323703   _DMACH1ModeConfig
003236e0   _DMACH1TransferConfig
003236f0   _DMACH1WrapConfig
00323765   _DMACH2AddrConfig
00323777   _DMACH2BurstConfig
003237aa   _DMACH2ModeConfig
00323787   _DMACH2TransferConfig
00323797   _DMACH2WrapConfig
0032380c   _DMACH3AddrConfig
0032381e   _DMACH3BurstConfig
00323851   _DMACH3ModeConfig
0032382e   _DMACH3TransferConfig
0032383e   _DMACH3WrapConfig
003238b3   _DMACH4AddrConfig
003238c5   _DMACH4BurstConfig
003238f8   _DMACH4ModeConfig
003238d5   _DMACH4TransferConfig
003238e5   _DMACH4WrapConfig
0032395a   _DMACH5AddrConfig
0032396c   _DMACH5BurstConfig
0032399f   _DMACH5ModeConfig
0032397c   _DMACH5TransferConfig
0032398c   _DMACH5WrapConfig
00323a01   _DMACH6AddrConfig
00323a13   _DMACH6BurstConfig
00323a46   _DMACH6ModeConfig
00323a23   _DMACH6TransferConfig
00323a33   _DMACH6WrapConfig
003236b3   _DMAInitialize
0000e9ec   _DO_STATUS
0000e9e8   _DRIVE_ENABLE
003254bf   _DSP28x_DisableInt
003254c3   _DSP28x_RestoreInt
00009461   _DSP28x_usDelay
0000dc40   _Data_Registers
00000880   _DevEmuRegs
0000e9c9   _Device_Info
0000c004   _Device_type
00324d7b   _DisableDog
00001000   _DmaRegs
0032363e   _Drive_Off
00323651   _Drive_On
0000e9df   _Drive_Status
0000ea4c   _Drive_Voltage
0000c018   _Dummy_comm
00324064   _ECAN0INTA_ISR
00324078   _ECAN0INTB_ISR
0032406e   _ECAN1INTA_ISR
00324082   _ECAN1INTB_ISR
00323f4c   _ECAP1_INT_ISR
00323f56   _ECAP2_INT_ISR
00323f60   _ECAP3_INT_ISR
00323f6a   _ECAP4_INT_ISR
00323f74   _ECAP5_INT_ISR
00323f7e   _ECAP6_INT_ISR
00006040   _ECanaLAMRegs
000060c0   _ECanaMOTORegs
00006080   _ECanaMOTSRegs
00006100   _ECanaMboxes
00006000   _ECanaRegs
00006240   _ECanbLAMRegs
000062c0   _ECanbMOTORegs
00006280   _ECanbMOTSRegs
00006300   _ECanbMboxes
00006200   _ECanbRegs
00006a00   _ECap1Regs
00006a20   _ECap2Regs
00006a40   _ECap3Regs
00006a60   _ECap4Regs
00006a80   _ECap5Regs
00006aa0   _ECap6Regs
0000e9a8   _EEPROM_WRITE_CHECK
0000c01a   _EEPROM_WRITE_ENABLE_Rx
0000c019   _EEPROM_WRITE_ENABLE_Tx
00323df8   _EMUINT_ISR
00323f10   _EPWM1_INT_ISR
00323ed4   _EPWM1_TZINT_ISR
00323f1a   _EPWM2_INT_ISR
00323ede   _EPWM2_TZINT_ISR
00323f24   _EPWM3_INT_ISR
00323ee8   _EPWM3_TZINT_ISR
00323f2e   _EPWM4_INT_ISR
00323ef2   _EPWM4_TZINT_ISR
00323f38   _EPWM5_INT_ISR
00323efc   _EPWM5_TZINT_ISR
00323f42   _EPWM6_INT_ISR
00323f06   _EPWM6_TZINT_ISR
00006800   _EPwm1Regs
00006840   _EPwm2Regs
00006880   _EPwm3Regs
000068c0   _EPwm4Regs
00006900   _EPwm5Regs
00006940   _EPwm6Regs
00323f88   _EQEP1_INT_ISR
00323f92   _EQEP2_INT_ISR
00006b00   _EQep1Regs
00006b40   _EQep2Regs
003253cb   _EnableInterrupts
0000eaee   _Err_Idse
0000eaec   _Err_Iqse
000091fe   _ExternalFault
0000e9c8   _FAULT_RECORD_COMPLETE
0000e9d9   _FaultInfo
0000eab4   _FaultReg1
0000eab2   _FaultReg2
0000eab6   _FaultReg3
00324b0c   _Fault_Recording
0000e9cc   _Fault_count
0000e9e9   _Fault_seq
0000eb54   _Flag
0000e9cb   _Flag_First_Run
0000e9c2   _Flag_STOP
00000a80   _FlashRegs
0000eb00   _Fsw
00006f80   _GpioCtrlRegs
00006fc0   _GpioDataRegs
00006fe0   _GpioIntRegs
00324014   _I2CINT1A_ISR
0032401e   _I2CINT2A_ISR
00007900   _I2caRegs
00323e0c   _ILLEGAL_ISR
00323dd0   _INT13_ISR
00323dda   _INT14_ISR
0000eaf0   _INV_Vdc_2
0000ea08   _I_dead
0000ea66   _I_integ
0000ea54   _I_scale
0000e9fe   _Ias
0000ea4a   _Ias_offset
0000e9fc   _Ibs
0000ea48   _Ibs_offset
0000ea14   _Ics
0000ea18   _Id_cm
0000eace   _Idse
0000ea1c   _Idse1
0000eaea   _Idse_ref
0000ea1e   _Idse_ref_max
0000ea24   _Idse_ref_min
0000ea22   _Idse_ref_sensorless
0000eacc   _Idss
003251d1   _InitCpuTimers
00324c38   _InitECan
00324d39   _InitECanGpio
00324c3d   _InitECana
00324d3e   _InitECanaGpio
00324cbb   _InitECanb
00324d54   _InitECanbGpio
00009446   _InitFlash
00324372   _InitGpio
0032546a   _InitI2C
0032546b   _InitI2CGpio
00324dd1   _InitPeripheralClocks
003253ac   _InitPieCtrl
003253f6   _InitPieVectTable
00324d83   _InitPll
00324d68   _InitSysCtrl
00325011   _InitXintf
00325081   _InitXintf16Gpio
0032503a   _InitXintf32Gpio
00322695   _Init_AD_converter
0000e9de   _Init_Charge_Time
0000eaae   _Init_Charge_cnt
0000e9e4   _Init_Charge_cnt_EN
00322667   _Init_GPIO
00324f42   _Init_I2C_eeprom
00322a1d   _Init_dsc
003226bb   _Init_var
0000ea7a   _Interrupt_time_max
0000ea16   _Iq_cm
0000ead2   _Iqse
0000ea1a   _Iqse1
0000eac0   _Iqse_limit
0000eae8   _Iqse_ref
0000eaca   _Iqss
0000ead0   _Is_mag
0000ea20   _Is_max
0000ea12   _Izs
0000eade   _K_Id
0000eae4   _K_Is
0000eae2   _K_Is_2
0000eae6   _K_estimation
0000eae0   _Ka
0000eb18   _Ka_cc
0000eafa   _Ki_ccT
0000eaba   _Ki_scT
0000eaf6   _Kp_cc
0000eafe   _Kp_sc
0000ea64   _LAMpm
003240c8   _LUF_ISR
003240be   _LVF_ISR
0000ea34   _La
0000ea32   _Lb
0000ea60   _Ls
0000eaa8   _MAX_CON_CUR_LEVEL
0000eaac   _MAX_CON_CUR_TIME
00323fc4   _MRINTA_ISR
00323fb0   _MRINTB_ISR
00323fce   _MXINTA_ISR
00323fba   _MXINTB_ISR
0000e9c3   _MaxCon_Curr_Count
00005000   _McbspaRegs
00005040   _McbspbRegs
00325481   _MemCopy
00323e02   _NMI_ISR
0000eaa6   _OC_TRIP_LEVEL
0000eaa4   _OL_TRIP_LEVEL
0000eaaa   _OL_TRIP_TIME
0000e9c6   _OL_TimeOver_Count
0000eb25   _OP
0000eac6   _OS_TRIP_LEVEL
0000eac8   _OT_TRIP_LEVEL
0000eac4   _OV_TRIP_LEVEL
0000e9c4   _OverVoltCount
0000e9da   _OverVoltinCount
0000ec40   _P
003240d2   _PIE_RESERVED
0000eb04   _PWM_TMR_PERIOD
0000e9e7   _P_rate
00322abf   _Parameter_Initialization
00380090   _PartIdRegs
00000ce0   _PieCtrlRegs
00000d00   _PieVectTable
00338000   _PieVectTableInit
0000e9ca   _Position_Flag
00323dee   _RTOSINT_ISR
00321465   _RamfuncsLoadEnd
00320000   _RamfuncsLoadStart
00008000   _RamfuncsRunStart
00321466   _Read_Data_Registers
00324fa2   _Read_EEPROM_Data
00324e97   _Read_RTC_Data
00324f18   _Read_Time
00324e66   _Recover_I2C_EEPROM
0000e9f4   _Ref_method
0032265d   _Relay_setup
0000e9eb   _Retry_Time_set
0000eab0   _Retry_cnt
0000e9e5   _Retry_cnt_En
0000ea10   _Rs
0032367e   _Run_Stop_Operation
0000e9ee   _Run_Stop_Src
0000e9cf   _Run_Stop_Status
0000e9ed   _Run_Stop_meth
0000c00f   _RxAddr
0000c026   _RxBuf
0000c013   _RxCRC
0000c010   _RxData
0000c012   _RxType
0000c006   _Rx_counter_1s
0000c01c   _Rx_index
00008ec1   _SCIC_Process
0032403c   _SCIRXINTA_ISR
00324050   _SCIRXINTB_ISR
00324028   _SCIRXINTC_ISR
00324046   _SCITXINTA_ISR
0032405a   _SCITXINTB_ISR
00324032   _SCITXINTC_ISR
0000c140   _SCI_Registers
0000c014   _SCI_TxOffset
00323e8e   _SEQ1INT_ISR
00323e98   _SEQ2INT_ISR
003234bc   _SEQUENCE
00323f9c   _SPIRXINTA_ISR
00323fa6   _SPITXINTA_ISR
0000c00c   _SciC_RxFlag
0000c00e   _SciC_RxStep
0000c003   _SciC_TxFlag
00007050   _SciaRegs
00007750   _ScibRegs
00007770   _ScicRegs
0000e9e6   _Seq
00324d71   _ServiceDog
003254c6   _SetDBGIER
00324ecb   _Set_InitialTime
0000e9ef   _Software_Number
0000e9f0   _Software_Version
0000e9d8   _Speed_detect_fault
00007040   _SpiaRegs
0032375d   _StartDMACH1
00323804   _StartDMACH2
003238ab   _StartDMACH3
00323952   _StartDMACH4
003239f9   _StartDMACH5
00323aa0   _StartDMACH6
0000e9cd   _Start_Flag
0000e9dc   _State_Index
00007010   _SysCtrlRegs
00322ab4   _System_Config
00323ec0   _TINT0_ISR
0000ea46   _T_dead_cnt_2
0000ea36   _Ta_cnt
0000ea3c   _Tb_cnt
0000ea3a   _Tc_cnt
0000ea06   _Temperature
003250bb   _Temperature_Calculation
0000c024   _Test_count_Rx
0000c020   _Test_count_Tx
0000e9c7   _Total_Fault_Record
0000e9a4   _TripCode
00324afd   _TripProc
0000eaf4   _Tsamp
0000c02f   _TxBuf
0000c016   _TxIntervalCnt
0000c01e   _TxIntervalTime
0000c015   _TxInterval_1s
0000c000   _Tx_counter_1s
0000c01b   _Tx_index
00323e70   _USER10_ISR
00323e7a   _USER11_ISR
00323e84   _USER12_ISR
00323e16   _USER1_ISR
00323e20   _USER2_ISR
00323e2a   _USER3_ISR
00323e34   _USER4_ISR
00323e3e   _USER5_ISR
00323e48   _USER6_ISR
00323e52   _USER7_ISR
00323e5c   _USER8_ISR
00323e66   _USER9_ISR
0000e9db   _UV_Check_Enable
0000eac2   _UV_TRIP_LEVEL
0000e9d7   _UnderVoltCount
0000e9d5   _UnderVoltinCount
0000ea4e   _V_rate
0000ea6c   _Van_ref
0000ea72   _Vas_ref
0000ea6a   _Vbn_ref
0000ea78   _Vbs_ref
0000ea70   _Vcn_ref
0000ea76   _Vcs_ref
0000ea2a   _Vdc_eff
0000ea2c   _Vdc_measured
0000eb14   _Vdse_anti
0000ea68   _Vdse_ref
0000ea30   _Vdse_ref1
0000eb0a   _Vdse_ref_fb
0000eb10   _Vdse_ref_ff
0000ead6   _Vdse_ref_ffa
0000eb06   _Vdse_ref_integ
0000ea5e   _Vdss_ref
0000eadc   _Vmag_delta
0000ead8   _Vmag_ffa
0000eada   _Vmag_ref
0000ea42   _Vmax
0000ea38   _Vmin
0000eb08   _Vqse_anti
0000ea74   _Vqse_ref
0000ea2e   _Vqse_ref1
0000eb0e   _Vqse_ref_fb
0000eb16   _Vqse_ref_ff
0000ead4   _Vqse_ref_ffa
0000eb0c   _Vqse_ref_integ
0000ea5c   _Vqss_ref
0000ea40   _Vsn
0000ea3e   _Vsn_max
0000ea44   _Vsn_min
00323eca   _WAKEINT_ISR
0000eaf2   _Wc_cc
00324ff6   _Word_Read_data
00324fdc   _Word_Write_data
0000ea28   _Wr_Fc
0000ea9c   _Wr_hat
0000eb02   _Wr_hat_cm
0000ea7c   _Wr_ref
00321e68   _Write_Data_Registers_Offline
00321d21   _Write_Data_Registers_Online
00324f6b   _Write_EEPROM_Data
00324e6f   _Write_RTC_Data
00324eef   _Write_Time
0000ea88   _Wrm_err
0000ea86   _Wrm_err_integ
0000ea84   _Wrm_hat
0000ea7e   _Wrm_ref
0000ea8e   _Wrpm_base_speed
0000ea9a   _Wrpm_hat
0000eaa0   _Wrpm_min
0000eab8   _Wrpm_ref
0000ea8a   _Wrpm_ref_cmd
0000ea8c   _Wrpm_ref_set
00323ea2   _XINT1_ISR
00323eac   _XINT2_ISR
0032408c   _XINT3_ISR
00324096   _XINT4_ISR
003240a0   _XINT5_ISR
003240aa   _XINT6_ISR
003240b4   _XINT7_ISR
00007070   _XIntruptRegs
00000b20   _XintfRegs
00004000   _ZONE0_BUF
00000600   __STACK_END
00000200   __STACK_SIZE
00000001   __TI_args_main
ffffffff   ___binit__
ffffffff   ___c_args__
0033855c   ___cinit__
003254c9   ___etext__
ffffffff   ___pinit__
00321466   ___text__
00325436   __args_main
0000e9b2   __cleanup_ptr
0000e9b4   __dtors_ptr
0000e9b0   __lock
003254b6   __nop
003254b2   __register_lock
003254ae   __register_unlock
00000400   __stack
0000e9ae   __unlock
00325451   _abort
0000ebc0   _adc
0000ea52   _adc_scale_0
0000ea50   _adc_scale_1
0000ea56   _adc_scale_3
0000eb12   _alpha_cc
00322e13   _asc2hex
0000e9a3   _b
00325366   _c_int00
00322a53   _calculateOffset
0000e9ea   _carrier_mode
0000e9ce   _cc_cnt
0000eb1d   _cnlt_flag
003252ac   _cos
0000ea9e   _cos_theta
0000ea92   _cos_theta1
0000ea98   _cos_theta_cm
0000e9e1   _count
0000e9f5   _count_0mA
0000e9f3   _count_20mA
0000e9f2   _count_4mA
00008000   _current_controller
0000ed01   _debug_cnt
0000ed08   _debug_rd_addr
0000ed0a   _debug_rd_addr_tmp
0000ed00   _debug_state
0000ed02   _debug_sum
0000ed03   _debug_sum_temp
0000ed40   _debug_tx_buf
0000ed05   _debug_tx_end
0000ed07   _debug_tx_pos
0000ed0c   _debug_wr_addr
0000ed0e   _debug_wr_data
0000ed06   _debug_wr_size
0000ed04   _debug_wr_sum_flag
0000eb80   _deg_Dac
0000e9f6   _deg_sDacTmp
00322679   _delay
00322687   _delay_long
00324905   _dev_BackgroundDAC
003247f3   _dev_DacSetup
00324825   _dev_InitDACVariable
00324845   _dev_SendDAC
00323c51   _digital_input_proc
0000eb40   _digital_out_funtion
00323d64   _digital_out_proc
00323cf3   _digital_port_check
0000ea26   _dog_time
000093e1   _epwm1_timer_isr
0000e9bc   _errno
00325453   _exit
0000900a   _fault_chk
0000eaf8   _fc_cc
0000e9a2   _first
0000e9d1   _flag_Vmag
0000e9c5   _flag_speed_cmd
00325498   _frexp
00322e2a   _hex2asc
0000eb48   _input_function_option
00323aa8   _input_state
0000ea6e   _integ
0032524b   _log
003232b1   _main
0000eb1a   _mode
0000e9a6   _n
0000e9d0   _op_cnt
003240e6   _pwm_buffer_setup
0000eb31   _pwm_g1
003240f0   _pwm_g1_setup
0000eb62   _rec_data
0000eabc   _ref_slew_dn
0000eabe   _ref_slew_up
003240dc   _rsvd_ISR
0000e9c1   _run_Sensorless
0000c00b   _rx_cnt
0000e9d3   _sc_cnt
00323278   _sci_debug_init
00009373   _scia_rx_isr
0000932c   _scia_tx_isr
003249fd   _scib_TxChar
00324a09   _scib_TxString
0032498d   _scib_init
00324a79   _scib_putc
00324ac7   _scib_puts
0000c0c0   _scib_rx_buf
00008ccb   _scib_rx_isr
0000c017   _scib_rxd
0000c100   _scib_tx_buf
0000c00d   _scib_tx_end
00008c84   _scib_tx_isr
0000c002   _scib_tx_pos
00324a2d   _scib_tx_start
00324a15   _scic_TxChar
00324a21   _scic_TxString
003249c4   _scic_init
00324ab2   _scic_putc
00324ae2   _scic_puts
0000c040   _scic_rx_buf
00008d79   _scic_rx_isr
0000c00a   _scic_rxd
0000c080   _scic_tx_buf
0000c008   _scic_tx_end
00008d31   _scic_tx_isr
0000c009   _scic_tx_pos
00324a53   _scic_tx_start
0000e9c0   _sensorless_mode
00323ac1   _set_digit_input_funtion
0032530a   _sin
0000eaa2   _sin_theta
0000ea90   _sin_theta1
0000eafc   _sin_theta_cm
0000925c   _speed_controller
00325416   _sqrt
00322f7e   _state0_proc
003230eb   _state1_proc
00323108   _state2_proc
0032317d   _state3_proc
00323195   _state4_proc
003231b6   _state5_proc
003231e5   _state6_proc
003231fd   _state7_proc
0000e9bb   _system_first_rst
0000e9b6   _test_AO
0000e9ac   _tester1
0000e9aa   _tester2
0000ea80   _thetar_hat1
0000ea96   _thetar_hat_cm
0000ea94   _thetar_hat_cm1
0000ea82   _thetar_openloop
0000eb2a   _time
0000ea0c   _tmp_cnt
0000ea0e   _tmp_cnt1
0000ea62   _tmp_float
0000ea0a   _tmp_float1
0000c011   _tx_cnt
0000e9d2   _watchdog_cnt
00322e51   _write_txbuf_asc
00322e66   _write_txbuf_byte
00322ee0   _write_txbuf_long
00322e36   _write_txbuf_string
00322e90   _write_txbuf_word
ffffffff   binit
0033855c   cinit
0033fff6   code_start
003254c9   etext
ffffffff   pinit


GLOBAL SYMBOLS: SORTED BY Symbol Address 

address    name
--------   ----
00000001   __TI_args_main
00000200   __STACK_SIZE
00000400   __stack
00000600   __STACK_END
00000880   _DevEmuRegs
00000a80   _FlashRegs
00000ae0   _CsmRegs
00000b00   _AdcMirror
00000b20   _XintfRegs
00000c00   _CpuTimer0Regs
00000c08   _CpuTimer1Regs
00000c10   _CpuTimer2Regs
00000ce0   _PieCtrlRegs
00000d00   _PieVectTable
00001000   _DmaRegs
00004000   _ZONE0_BUF
00005000   _McbspaRegs
00005040   _McbspbRegs
00006000   _ECanaRegs
00006040   _ECanaLAMRegs
00006080   _ECanaMOTSRegs
000060c0   _ECanaMOTORegs
00006100   _ECanaMboxes
00006200   _ECanbRegs
00006240   _ECanbLAMRegs
00006280   _ECanbMOTSRegs
000062c0   _ECanbMOTORegs
00006300   _ECanbMboxes
00006800   _EPwm1Regs
00006840   _EPwm2Regs
00006880   _EPwm3Regs
000068c0   _EPwm4Regs
00006900   _EPwm5Regs
00006940   _EPwm6Regs
00006a00   _ECap1Regs
00006a20   _ECap2Regs
00006a40   _ECap3Regs
00006a60   _ECap4Regs
00006a80   _ECap5Regs
00006aa0   _ECap6Regs
00006b00   _EQep1Regs
00006b40   _EQep2Regs
00006f80   _GpioCtrlRegs
00006fc0   _GpioDataRegs
00006fe0   _GpioIntRegs
00007010   _SysCtrlRegs
00007040   _SpiaRegs
00007050   _SciaRegs
00007070   _XIntruptRegs
00007100   _AdcRegs
00007750   _ScibRegs
00007770   _ScicRegs
00007900   _I2caRegs
00008000   _RamfuncsRunStart
00008000   _current_controller
00008c53   _CRC16
00008c84   _scib_tx_isr
00008ccb   _scib_rx_isr
00008d31   _scic_tx_isr
00008d79   _scic_rx_isr
00008ec1   _SCIC_Process
0000900a   _fault_chk
00009053   _CheckOverCurrent
00009167   _CheckOverVolt
00009191   _CheckUnderVolt
000091be   _CheckOverHeat
000091eb   _CheckFaultDriver
000091fe   _ExternalFault
00009214   _CheckSpeedDetection
00009241   _CheckFaultZC
0000925c   _speed_controller
0000932c   _scia_tx_isr
00009373   _scia_rx_isr
000093e1   _epwm1_timer_isr
00009446   _InitFlash
00009461   _DSP28x_usDelay
0000c000   _Tx_counter_1s
0000c001   _Communication_Fault_Cnt
0000c002   _scib_tx_pos
0000c003   _SciC_TxFlag
0000c004   _Device_type
0000c005   _CRC
0000c006   _Rx_counter_1s
0000c007   _Communication_Fault_Flag
0000c008   _scic_tx_end
0000c009   _scic_tx_pos
0000c00a   _scic_rxd
0000c00b   _rx_cnt
0000c00c   _SciC_RxFlag
0000c00d   _scib_tx_end
0000c00e   _SciC_RxStep
0000c00f   _RxAddr
0000c010   _RxData
0000c011   _tx_cnt
0000c012   _RxType
0000c013   _RxCRC
0000c014   _SCI_TxOffset
0000c015   _TxInterval_1s
0000c016   _TxIntervalCnt
0000c017   _scib_rxd
0000c018   _Dummy_comm
0000c019   _EEPROM_WRITE_ENABLE_Tx
0000c01a   _EEPROM_WRITE_ENABLE_Rx
0000c01b   _Tx_index
0000c01c   _Rx_index
0000c01e   _TxIntervalTime
0000c020   _Test_count_Tx
0000c022   _CRC_check_counter
0000c024   _Test_count_Rx
0000c026   _RxBuf
0000c02f   _TxBuf
0000c040   _scic_rx_buf
0000c080   _scic_tx_buf
0000c0c0   _scib_rx_buf
0000c100   _scib_tx_buf
0000c140   _SCI_Registers
0000cec0   _CAN_Registers
0000dc40   _Data_Registers
0000e988   _CpuTimer1
0000e990   _CpuTimer2
0000e998   _CpuTimer0
0000e9a2   _first
0000e9a3   _b
0000e9a4   _TripCode
0000e9a6   _n
0000e9a8   _EEPROM_WRITE_CHECK
0000e9aa   _tester2
0000e9ac   _tester1
0000e9ae   __unlock
0000e9b0   __lock
0000e9b2   __cleanup_ptr
0000e9b4   __dtors_ptr
0000e9b6   _test_AO
0000e9bb   _system_first_rst
0000e9bc   _errno
0000e9c0   _sensorless_mode
0000e9c1   _run_Sensorless
0000e9c2   _Flag_STOP
0000e9c3   _MaxCon_Curr_Count
0000e9c4   _OverVoltCount
0000e9c5   _flag_speed_cmd
0000e9c6   _OL_TimeOver_Count
0000e9c7   _Total_Fault_Record
0000e9c8   _FAULT_RECORD_COMPLETE
0000e9c9   _Device_Info
0000e9ca   _Position_Flag
0000e9cb   _Flag_First_Run
0000e9cc   _Fault_count
0000e9cd   _Start_Flag
0000e9ce   _cc_cnt
0000e9cf   _Run_Stop_Status
0000e9d0   _op_cnt
0000e9d1   _flag_Vmag
0000e9d2   _watchdog_cnt
0000e9d3   _sc_cnt
0000e9d4   _Adc_Temperature
0000e9d5   _UnderVoltinCount
0000e9d6   _DC_Build_Up_delay_cnt
0000e9d7   _UnderVoltCount
0000e9d8   _Speed_detect_fault
0000e9d9   _FaultInfo
0000e9da   _OverVoltinCount
0000e9db   _UV_Check_Enable
0000e9dc   _State_Index
0000e9dd   _Count20mA
0000e9de   _Init_Charge_Time
0000e9df   _Drive_Status
0000e9e0   _Anaolg_Output_mA_x1
0000e9e1   _count
0000e9e2   _Count4mA
0000e9e3   _Count0mA
0000e9e4   _Init_Charge_cnt_EN
0000e9e5   _Retry_cnt_En
0000e9e6   _Seq
0000e9e7   _P_rate
0000e9e8   _DRIVE_ENABLE
0000e9e9   _Fault_seq
0000e9ea   _carrier_mode
0000e9eb   _Retry_Time_set
0000e9ec   _DO_STATUS
0000e9ed   _Run_Stop_meth
0000e9ee   _Run_Stop_Src
0000e9ef   _Software_Number
0000e9f0   _Software_Version
0000e9f1   _DI_STATUS
0000e9f2   _count_4mA
0000e9f3   _count_20mA
0000e9f4   _Ref_method
0000e9f5   _count_0mA
0000e9f6   _deg_sDacTmp
0000e9f8   _AINI1
0000e9fa   _AICMD
0000e9fc   _Ibs
0000e9fe   _Ias
0000ea00   _AINI2
0000ea02   _AINV1
0000ea04   _AINV2
0000ea06   _Temperature
0000ea08   _I_dead
0000ea0a   _tmp_float1
0000ea0c   _tmp_cnt
0000ea0e   _tmp_cnt1
0000ea10   _Rs
0000ea12   _Izs
0000ea14   _Ics
0000ea16   _Iq_cm
0000ea18   _Id_cm
0000ea1a   _Iqse1
0000ea1c   _Idse1
0000ea1e   _Idse_ref_max
0000ea20   _Is_max
0000ea22   _Idse_ref_sensorless
0000ea24   _Idse_ref_min
0000ea26   _dog_time
0000ea28   _Wr_Fc
0000ea2a   _Vdc_eff
0000ea2c   _Vdc_measured
0000ea2e   _Vqse_ref1
0000ea30   _Vdse_ref1
0000ea32   _Lb
0000ea34   _La
0000ea36   _Ta_cnt
0000ea38   _Vmin
0000ea3a   _Tc_cnt
0000ea3c   _Tb_cnt
0000ea3e   _Vsn_max
0000ea40   _Vsn
0000ea42   _Vmax
0000ea44   _Vsn_min
0000ea46   _T_dead_cnt_2
0000ea48   _Ibs_offset
0000ea4a   _Ias_offset
0000ea4c   _Drive_Voltage
0000ea4e   _V_rate
0000ea50   _adc_scale_1
0000ea52   _adc_scale_0
0000ea54   _I_scale
0000ea56   _adc_scale_3
0000ea58   _Current_Slop_ACC
0000ea5a   _Current_Slop_Build_Up
0000ea5c   _Vqss_ref
0000ea5e   _Vdss_ref
0000ea60   _Ls
0000ea62   _tmp_float
0000ea64   _LAMpm
0000ea66   _I_integ
0000ea68   _Vdse_ref
0000ea6a   _Vbn_ref
0000ea6c   _Van_ref
0000ea6e   _integ
0000ea70   _Vcn_ref
0000ea72   _Vas_ref
0000ea74   _Vqse_ref
0000ea76   _Vcs_ref
0000ea78   _Vbs_ref
0000ea7a   _Interrupt_time_max
0000ea7c   _Wr_ref
0000ea7e   _Wrm_ref
0000ea80   _thetar_hat1
0000ea82   _thetar_openloop
0000ea84   _Wrm_hat
0000ea86   _Wrm_err_integ
0000ea88   _Wrm_err
0000ea8a   _Wrpm_ref_cmd
0000ea8c   _Wrpm_ref_set
0000ea8e   _Wrpm_base_speed
0000ea90   _sin_theta1
0000ea92   _cos_theta1
0000ea94   _thetar_hat_cm1
0000ea96   _thetar_hat_cm
0000ea98   _cos_theta_cm
0000ea9a   _Wrpm_hat
0000ea9c   _Wr_hat
0000ea9e   _cos_theta
0000eaa0   _Wrpm_min
0000eaa2   _sin_theta
0000eaa4   _OL_TRIP_LEVEL
0000eaa6   _OC_TRIP_LEVEL
0000eaa8   _MAX_CON_CUR_LEVEL
0000eaaa   _OL_TRIP_TIME
0000eaac   _MAX_CON_CUR_TIME
0000eaae   _Init_Charge_cnt
0000eab0   _Retry_cnt
0000eab2   _FaultReg2
0000eab4   _FaultReg1
0000eab6   _FaultReg3
0000eab8   _Wrpm_ref
0000eaba   _Ki_scT
0000eabc   _ref_slew_dn
0000eabe   _ref_slew_up
0000eac0   _Iqse_limit
0000eac2   _UV_TRIP_LEVEL
0000eac4   _OV_TRIP_LEVEL
0000eac6   _OS_TRIP_LEVEL
0000eac8   _OT_TRIP_LEVEL
0000eaca   _Iqss
0000eacc   _Idss
0000eace   _Idse
0000ead0   _Is_mag
0000ead2   _Iqse
0000ead4   _Vqse_ref_ffa
0000ead6   _Vdse_ref_ffa
0000ead8   _Vmag_ffa
0000eada   _Vmag_ref
0000eadc   _Vmag_delta
0000eade   _K_Id
0000eae0   _Ka
0000eae2   _K_Is_2
0000eae4   _K_Is
0000eae6   _K_estimation
0000eae8   _Iqse_ref
0000eaea   _Idse_ref
0000eaec   _Err_Iqse
0000eaee   _Err_Idse
0000eaf0   _INV_Vdc_2
0000eaf2   _Wc_cc
0000eaf4   _Tsamp
0000eaf6   _Kp_cc
0000eaf8   _fc_cc
0000eafa   _Ki_ccT
0000eafc   _sin_theta_cm
0000eafe   _Kp_sc
0000eb00   _Fsw
0000eb02   _Wr_hat_cm
0000eb04   _PWM_TMR_PERIOD
0000eb06   _Vdse_ref_integ
0000eb08   _Vqse_anti
0000eb0a   _Vdse_ref_fb
0000eb0c   _Vqse_ref_integ
0000eb0e   _Vqse_ref_fb
0000eb10   _Vdse_ref_ff
0000eb12   _alpha_cc
0000eb14   _Vdse_anti
0000eb16   _Vqse_ref_ff
0000eb18   _Ka_cc
0000eb1a   _mode
0000eb1d   _cnlt_flag
0000eb21   _AC_DC_TYPE
0000eb25   _OP
0000eb2a   _time
0000eb31   _pwm_g1
0000eb40   _digital_out_funtion
0000eb48   _input_function_option
0000eb54   _Flag
0000eb62   _rec_data
0000eb80   _deg_Dac
0000ebc0   _adc
0000ec40   _P
0000ed00   _debug_state
0000ed01   _debug_cnt
0000ed02   _debug_sum
0000ed03   _debug_sum_temp
0000ed04   _debug_wr_sum_flag
0000ed05   _debug_tx_end
0000ed06   _debug_wr_size
0000ed07   _debug_tx_pos
0000ed08   _debug_rd_addr
0000ed0a   _debug_rd_addr_tmp
0000ed0c   _debug_wr_addr
0000ed0e   _debug_wr_data
0000ed40   _debug_tx_buf
00320000   _RamfuncsLoadStart
00321465   _RamfuncsLoadEnd
00321466   .text
00321466   _Read_Data_Registers
00321466   ___text__
00321d21   _Write_Data_Registers_Online
00321e68   _Write_Data_Registers_Offline
0032265d   _Relay_setup
00322667   _Init_GPIO
00322679   _delay
00322687   _delay_long
00322695   _Init_AD_converter
003226bb   _Init_var
00322a1d   _Init_dsc
00322a53   _calculateOffset
00322ab4   _System_Config
00322abf   _Parameter_Initialization
00322e13   _asc2hex
00322e2a   _hex2asc
00322e36   _write_txbuf_string
00322e51   _write_txbuf_asc
00322e66   _write_txbuf_byte
00322e90   _write_txbuf_word
00322ee0   _write_txbuf_long
00322f7e   _state0_proc
003230eb   _state1_proc
00323108   _state2_proc
0032317d   _state3_proc
00323195   _state4_proc
003231b6   _state5_proc
003231e5   _state6_proc
003231fd   _state7_proc
00323278   _sci_debug_init
003232b1   _main
003234bc   _SEQUENCE
0032363e   _Drive_Off
00323651   _Drive_On
0032367e   _Run_Stop_Operation
003236b3   _DMAInitialize
003236be   _DMACH1AddrConfig
003236d0   _DMACH1BurstConfig
003236e0   _DMACH1TransferConfig
003236f0   _DMACH1WrapConfig
00323703   _DMACH1ModeConfig
0032375d   _StartDMACH1
00323765   _DMACH2AddrConfig
00323777   _DMACH2BurstConfig
00323787   _DMACH2TransferConfig
00323797   _DMACH2WrapConfig
003237aa   _DMACH2ModeConfig
00323804   _StartDMACH2
0032380c   _DMACH3AddrConfig
0032381e   _DMACH3BurstConfig
0032382e   _DMACH3TransferConfig
0032383e   _DMACH3WrapConfig
00323851   _DMACH3ModeConfig
003238ab   _StartDMACH3
003238b3   _DMACH4AddrConfig
003238c5   _DMACH4BurstConfig
003238d5   _DMACH4TransferConfig
003238e5   _DMACH4WrapConfig
003238f8   _DMACH4ModeConfig
00323952   _StartDMACH4
0032395a   _DMACH5AddrConfig
0032396c   _DMACH5BurstConfig
0032397c   _DMACH5TransferConfig
0032398c   _DMACH5WrapConfig
0032399f   _DMACH5ModeConfig
003239f9   _StartDMACH5
00323a01   _DMACH6AddrConfig
00323a13   _DMACH6BurstConfig
00323a23   _DMACH6TransferConfig
00323a33   _DMACH6WrapConfig
00323a46   _DMACH6ModeConfig
00323aa0   _StartDMACH6
00323aa8   _input_state
00323ac1   _set_digit_input_funtion
00323c51   _digital_input_proc
00323cf3   _digital_port_check
00323d64   _digital_out_proc
00323dd0   _INT13_ISR
00323dda   _INT14_ISR
00323de4   _DATALOG_ISR
00323dee   _RTOSINT_ISR
00323df8   _EMUINT_ISR
00323e02   _NMI_ISR
00323e0c   _ILLEGAL_ISR
00323e16   _USER1_ISR
00323e20   _USER2_ISR
00323e2a   _USER3_ISR
00323e34   _USER4_ISR
00323e3e   _USER5_ISR
00323e48   _USER6_ISR
00323e52   _USER7_ISR
00323e5c   _USER8_ISR
00323e66   _USER9_ISR
00323e70   _USER10_ISR
00323e7a   _USER11_ISR
00323e84   _USER12_ISR
00323e8e   _SEQ1INT_ISR
00323e98   _SEQ2INT_ISR
00323ea2   _XINT1_ISR
00323eac   _XINT2_ISR
00323eb6   _ADCINT_ISR
00323ec0   _TINT0_ISR
00323eca   _WAKEINT_ISR
00323ed4   _EPWM1_TZINT_ISR
00323ede   _EPWM2_TZINT_ISR
00323ee8   _EPWM3_TZINT_ISR
00323ef2   _EPWM4_TZINT_ISR
00323efc   _EPWM5_TZINT_ISR
00323f06   _EPWM6_TZINT_ISR
00323f10   _EPWM1_INT_ISR
00323f1a   _EPWM2_INT_ISR
00323f24   _EPWM3_INT_ISR
00323f2e   _EPWM4_INT_ISR
00323f38   _EPWM5_INT_ISR
00323f42   _EPWM6_INT_ISR
00323f4c   _ECAP1_INT_ISR
00323f56   _ECAP2_INT_ISR
00323f60   _ECAP3_INT_ISR
00323f6a   _ECAP4_INT_ISR
00323f74   _ECAP5_INT_ISR
00323f7e   _ECAP6_INT_ISR
00323f88   _EQEP1_INT_ISR
00323f92   _EQEP2_INT_ISR
00323f9c   _SPIRXINTA_ISR
00323fa6   _SPITXINTA_ISR
00323fb0   _MRINTB_ISR
00323fba   _MXINTB_ISR
00323fc4   _MRINTA_ISR
00323fce   _MXINTA_ISR
00323fd8   _DINTCH1_ISR
00323fe2   _DINTCH2_ISR
00323fec   _DINTCH3_ISR
00323ff6   _DINTCH4_ISR
00324000   _DINTCH5_ISR
0032400a   _DINTCH6_ISR
00324014   _I2CINT1A_ISR
0032401e   _I2CINT2A_ISR
00324028   _SCIRXINTC_ISR
00324032   _SCITXINTC_ISR
0032403c   _SCIRXINTA_ISR
00324046   _SCITXINTA_ISR
00324050   _SCIRXINTB_ISR
0032405a   _SCITXINTB_ISR
00324064   _ECAN0INTA_ISR
0032406e   _ECAN1INTA_ISR
00324078   _ECAN0INTB_ISR
00324082   _ECAN1INTB_ISR
0032408c   _XINT3_ISR
00324096   _XINT4_ISR
003240a0   _XINT5_ISR
003240aa   _XINT6_ISR
003240b4   _XINT7_ISR
003240be   _LVF_ISR
003240c8   _LUF_ISR
003240d2   _PIE_RESERVED
003240dc   _rsvd_ISR
003240e6   _pwm_buffer_setup
003240f0   _pwm_g1_setup
00324372   _InitGpio
003245c2   _Analog_Output_Monitoring
003247f3   _dev_DacSetup
00324825   _dev_InitDACVariable
00324845   _dev_SendDAC
00324905   _dev_BackgroundDAC
0032498d   _scib_init
003249c4   _scic_init
003249fd   _scib_TxChar
00324a09   _scib_TxString
00324a15   _scic_TxChar
00324a21   _scic_TxString
00324a2d   _scib_tx_start
00324a53   _scic_tx_start
00324a79   _scib_putc
00324ab2   _scic_putc
00324ac7   _scib_puts
00324ae2   _scic_puts
00324afd   _TripProc
00324b0c   _Fault_Recording
00324c38   _InitECan
00324c3d   _InitECana
00324cbb   _InitECanb
00324d39   _InitECanGpio
00324d3e   _InitECanaGpio
00324d54   _InitECanbGpio
00324d68   _InitSysCtrl
00324d71   _ServiceDog
00324d7b   _DisableDog
00324d83   _InitPll
00324dd1   _InitPeripheralClocks
00324e2c   _CsmUnlock
00324e5d   _Change_I2C_RTC
00324e66   _Recover_I2C_EEPROM
00324e6f   _Write_RTC_Data
00324e97   _Read_RTC_Data
00324ecb   _Set_InitialTime
00324eef   _Write_Time
00324f18   _Read_Time
00324f42   _Init_I2C_eeprom
00324f6b   _Write_EEPROM_Data
00324fa2   _Read_EEPROM_Data
00324fdc   _Word_Write_data
00324ff6   _Word_Read_data
00325011   _InitXintf
0032503a   _InitXintf32Gpio
00325081   _InitXintf16Gpio
003250bb   _Temperature_Calculation
00325149   FS$$DIV
003251d1   _InitCpuTimers
00325210   _ConfigCpuTimer
0032524b   _log
003252ac   _cos
0032530a   _sin
00325366   _c_int00
003253ac   _InitPieCtrl
003253cb   _EnableInterrupts
003253d4   I$$DIV
003253e5   I$$MOD
003253f6   _InitPieVectTable
00325416   _sqrt
00325436   __args_main
00325451   C$$EXIT
00325451   _abort
00325453   _exit
0032546a   _InitI2C
0032546b   _InitI2CGpio
00325481   _MemCopy
00325498   _frexp
003254ae   __register_unlock
003254b2   __register_lock
003254b6   __nop
003254bf   _DSP28x_DisableInt
003254c3   _DSP28x_RestoreInt
003254c6   _SetDBGIER
003254c9   ___etext__
003254c9   etext
00338000   _PieVectTableInit
0033855c   ___cinit__
0033855c   cinit
0033fff6   code_start
0033fff8   _CsmPwl
00380080   _ADC_cal
00380090   _PartIdRegs
ffffffff   ___binit__
ffffffff   ___c_args__
ffffffff   ___pinit__
ffffffff   binit
ffffffff   pinit

[611 symbols]
